1th
2th 
3th 
